// Jest Snapshot v1, https://goo.gl/fbAQLP

exports[`context should populate with capitalized keys 1`] = `
{
  "Name": "Foobar",
  "dir": "",
  "folder": "",
  "group": "",
  "h": {
    "capitalize": [Function],
    "changeCase": {
      "camelCase": [Function],
      "camelCaseTransform": [Function],
      "camelCaseTransformMerge": [Function],
      "capitalCase": [Function],
      "capitalCaseTransform": [Function],
      "constantCase": [Function],
      "dotCase": [Function],
      "headerCase": [Function],
      "noCase": [Function],
      "paramCase": [Function],
      "pascalCase": [Function],
      "pascalCaseTransform": [Function],
      "pascalCaseTransformMerge": [Function],
      "pathCase": [Function],
      "sentenceCase": [Function],
      "sentenceCaseTransform": [Function],
      "snakeCase": [Function],
    },
    "inflection": {
      "camelize": [Function],
      "capitalize": [Function],
      "classify": [Function],
      "dasherize": [Function],
      "demodulize": [Function],
      "foreignKey": [Function],
      "humanize": [Function],
      "inflect": [Function],
      "ordinalize": [Function],
      "pluralize": [Function],
      "singularize": [Function],
      "tableize": [Function],
      "titleize": [Function],
      "transform": [Function],
      "undasherize": [Function],
      "underscore": [Function],
    },
    "stringify": [Function],
  },
  "name": "foobar",
  "targetDir": "",
  "templateDir": "",
  "templateFolder": "",
}
`;
